// Vitest Snapshot v1, https://vitest.dev/guide/snapshot.html

exports[`calculate — golden scenarios > advanced defaults 1`] = `
{
  "breakevenYear": null,
  "difference": 552688,
  "finalAskTax": 422322,
  "finalEquity": 2679114,
  "finalRemainingMortgage": 2555305,
  "finalRenterPortfolio": 3231801,
  "initialBuyerMonthly": 26397,
  "monthlyMortgagePayment": 20879,
  "netWorthByYear": [
    [
      1,
      1261815,
      1488884,
    ],
    [
      2,
      1422435,
      1675094,
    ],
    [
      3,
      1581982,
      1863898,
    ],
    [
      4,
      1740580,
      2055211,
    ],
    [
      5,
      1898349,
      2247455,
    ],
    [
      6,
      2055414,
      2440885,
    ],
    [
      7,
      2211898,
      2635763,
    ],
    [
      8,
      2367925,
      2832358,
    ],
    [
      9,
      2523622,
      3030943,
    ],
    [
      10,
      2679114,
      3231801,
    ],
  ],
  "recommendation": "rent",
  "totalBuyerPaid": 3320567,
  "totalRenterPaid": 1842248,
}
`;

exports[`calculate — golden scenarios > advanced with interest-only, shared debt and BSU 1`] = `
{
  "breakevenYear": null,
  "difference": 609854,
  "finalAskTax": 868751,
  "finalEquity": 3526769,
  "finalRemainingMortgage": 2048432,
  "finalRenterPortfolio": 4136623,
  "initialBuyerMonthly": 20613,
  "monthlyMortgagePayment": 15583,
  "netWorthByYear": [
    [
      1,
      1210425,
      1422576,
    ],
    [
      2,
      1318961,
      1541359,
    ],
    [
      3,
      1425686,
      1661517,
    ],
    [
      4,
      1604798,
      1857326,
    ],
    [
      5,
      1782719,
      2055203,
    ],
    [
      6,
      1959587,
      2254110,
    ],
    [
      7,
      2135538,
      2454315,
    ],
    [
      8,
      2310709,
      2656087,
    ],
    [
      9,
      2485237,
      2859705,
    ],
    [
      10,
      2659262,
      3065452,
    ],
    [
      11,
      2832924,
      3273621,
    ],
    [
      12,
      3006363,
      3484511,
    ],
    [
      13,
      3179720,
      3698429,
    ],
    [
      14,
      3353141,
      3915691,
    ],
    [
      15,
      3526769,
      4136623,
    ],
  ],
  "recommendation": "rent",
  "totalBuyerPaid": 5024690,
  "totalRenterPaid": 2943549,
}
`;

exports[`calculate — golden scenarios > expensive home triggering wealth tax 1`] = `
{
  "breakevenYear": null,
  "difference": 20232504,
  "finalAskTax": 20471470,
  "finalEquity": 32821276,
  "finalRemainingMortgage": 3214922,
  "finalRenterPortfolio": 53053780,
  "initialBuyerMonthly": 77830,
  "monthlyMortgagePayment": 61409,
  "netWorthByYear": [
    [
      1,
      23425933,
      24823572,
    ],
    [
      2,
      23945230,
      26037430,
    ],
    [
      3,
      24458490,
      27273044,
    ],
    [
      4,
      24966316,
      28532044,
    ],
    [
      5,
      25469313,
      29816116,
    ],
    [
      6,
      25968089,
      31127003,
    ],
    [
      7,
      26463257,
      32466506,
    ],
    [
      8,
      26955432,
      33836491,
    ],
    [
      9,
      27445236,
      35238889,
    ],
    [
      10,
      27933299,
      36675700,
    ],
    [
      11,
      28420254,
      38148998,
    ],
    [
      12,
      28906295,
      39660933,
    ],
    [
      13,
      29391472,
      41207834,
    ],
    [
      14,
      29876458,
      42787895,
    ],
    [
      15,
      30361936,
      44402650,
    ],
    [
      16,
      30848596,
      46053679,
    ],
    [
      17,
      31337141,
      47742608,
    ],
    [
      18,
      31828283,
      49471111,
    ],
    [
      19,
      32322749,
      51240910,
    ],
    [
      20,
      32821276,
      53053780,
    ],
  ],
  "recommendation": "rent",
  "totalBuyerPaid": 24870112,
  "totalRenterPaid": 13624955,
}
`;

exports[`calculate — golden scenarios > quick defaults 1`] = `
{
  "breakevenYear": 6,
  "difference": 210235,
  "finalAskTax": 0,
  "finalEquity": 1925680,
  "finalRemainingMortgage": 2555305,
  "finalRenterPortfolio": 1715445,
  "initialBuyerMonthly": 20480,
  "monthlyMortgagePayment": 20879,
  "netWorthByYear": [
    [
      1,
      648951,
      810604,
    ],
    [
      2,
      796217,
      918946,
    ],
    [
      3,
      941899,
      1025120,
    ],
    [
      4,
      1086097,
      1129221,
    ],
    [
      5,
      1228912,
      1231342,
    ],
    [
      6,
      1370441,
      1331575,
    ],
    [
      7,
      1510785,
      1430011,
    ],
    [
      8,
      1650040,
      1526742,
    ],
    [
      9,
      1788306,
      1621857,
    ],
    [
      10,
      1925680,
      1715445,
    ],
  ],
  "recommendation": "buy",
  "totalBuyerPaid": 2534295,
  "totalRenterPaid": 1576760,
}
`;
