// Vitest Snapshot v1, https://vitest.dev/guide/snapshot.html

exports[`calculate — golden scenarios > advanced couple with a rate change 1`] = `
{
  "breakevenYear": null,
  "difference": 501453,
  "finalAskTax": 578681,
  "finalEquity": 3072757,
  "finalRemainingMortgage": 2211991,
  "finalRenterPortfolio": 3574211,
  "initialBuyerMonthly": 26597,
  "monthlyMortgagePayment": 20879,
  "netWorthByYear": [
    [
      1,
      1261815,
      1492367,
    ],
    [
      2,
      1422435,
      1682052,
    ],
    [
      3,
      1581982,
      1874327,
    ],
    [
      4,
      1754715,
      2049539,
    ],
    [
      5,
      1925428,
      2227694,
    ],
    [
      6,
      2094228,
      2409049,
    ],
    [
      7,
      2261222,
      2593872,
    ],
    [
      8,
      2426514,
      2782437,
    ],
    [
      9,
      2590209,
      2975026,
    ],
    [
      10,
      2752412,
      3171933,
    ],
    [
      11,
      2913227,
      3372004,
    ],
    [
      12,
      3072757,
      3574211,
    ],
  ],
  "recommendation": "rent",
  "totalBuyerPaid": 3859322,
  "totalRenterPaid": 2183753,
}
`;

exports[`calculate — golden scenarios > advanced defaults 1`] = `
{
  "breakevenYear": null,
  "difference": 586039,
  "finalAskTax": 424856,
  "finalEquity": 2679114,
  "finalRemainingMortgage": 2555305,
  "finalRenterPortfolio": 3265152,
  "initialBuyerMonthly": 26597,
  "monthlyMortgagePayment": 20879,
  "netWorthByYear": [
    [
      1,
      1261815,
      1492367,
    ],
    [
      2,
      1422435,
      1682052,
    ],
    [
      3,
      1581982,
      1874327,
    ],
    [
      4,
      1740580,
      2068987,
    ],
    [
      5,
      1898349,
      2264547,
    ],
    [
      6,
      2055414,
      2461268,
    ],
    [
      7,
      2211898,
      2659415,
    ],
    [
      8,
      2367925,
      2859258,
    ],
    [
      9,
      2523622,
      3061076,
    ],
    [
      10,
      2679114,
      3265152,
    ],
  ],
  "recommendation": "rent",
  "totalBuyerPaid": 3344567,
  "totalRenterPaid": 1844042,
}
`;

exports[`calculate — golden scenarios > advanced with interest-only, shared debt and BSU 1`] = `
{
  "breakevenYear": null,
  "difference": 518272,
  "finalAskTax": 877045,
  "finalEquity": 3681723,
  "finalRemainingMortgage": 2048432,
  "finalRenterPortfolio": 4199995,
  "initialBuyerMonthly": 20818,
  "monthlyMortgagePayment": 15583,
  "netWorthByYear": [
    [
      1,
      1220483,
      1426110,
    ],
    [
      2,
      1339088,
      1548532,
    ],
    [
      3,
      1455901,
      1672441,
    ],
    [
      4,
      1645123,
      1872118,
    ],
    [
      5,
      1833187,
      2073824,
    ],
    [
      6,
      2020232,
      2276658,
    ],
    [
      7,
      2206404,
      2480891,
    ],
    [
      8,
      2391845,
      2686802,
    ],
    [
      9,
      2576700,
      2894675,
    ],
    [
      10,
      2761113,
      3104802,
    ],
    [
      11,
      2945232,
      3317481,
    ],
    [
      12,
      3129203,
      3533020,
    ],
    [
      13,
      3313174,
      3751735,
    ],
    [
      14,
      3497297,
      3973948,
    ],
    [
      15,
      3681723,
      4199995,
    ],
  ],
  "recommendation": "rent",
  "totalBuyerPaid": 5076813,
  "totalRenterPaid": 2948795,
}
`;

exports[`calculate — golden scenarios > expensive home triggering wealth tax 1`] = `
{
  "breakevenYear": null,
  "difference": 20296315,
  "finalAskTax": 20484499,
  "finalEquity": 32821276,
  "finalRemainingMortgage": 3214922,
  "finalRenterPortfolio": 53117592,
  "initialBuyerMonthly": 78030,
  "monthlyMortgagePayment": 61409,
  "netWorthByYear": [
    [
      1,
      23425933,
      24827025,
    ],
    [
      2,
      23945230,
      26044292,
    ],
    [
      3,
      24458490,
      27283276,
    ],
    [
      4,
      24966316,
      28545611,
    ],
    [
      5,
      25469313,
      29832986,
    ],
    [
      6,
      25968089,
      31147147,
    ],
    [
      7,
      26463257,
      32489898,
    ],
    [
      8,
      26955432,
      33863109,
    ],
    [
      9,
      27445236,
      35268713,
    ],
    [
      10,
      27933299,
      36708714,
    ],
    [
      11,
      28420254,
      38185189,
    ],
    [
      12,
      28906295,
      39700292,
    ],
    [
      13,
      29391472,
      41250289,
    ],
    [
      14,
      29876458,
      42833430,
    ],
    [
      15,
      30361936,
      44451252,
    ],
    [
      16,
      30848596,
      46105336,
    ],
    [
      17,
      31337141,
      47797312,
    ],
    [
      18,
      31828283,
      49528854,
    ],
    [
      19,
      32322749,
      51301688,
    ],
    [
      20,
      32821276,
      53117592,
    ],
  ],
  "recommendation": "rent",
  "totalBuyerPaid": 24918112,
  "totalRenterPaid": 13634871,
}
`;

exports[`calculate — golden scenarios > quick defaults 1`] = `
{
  "breakevenYear": 6,
  "difference": 210235,
  "finalAskTax": 0,
  "finalEquity": 1925680,
  "finalRemainingMortgage": 2555305,
  "finalRenterPortfolio": 1715445,
  "initialBuyerMonthly": 20480,
  "monthlyMortgagePayment": 20879,
  "netWorthByYear": [
    [
      1,
      648951,
      810604,
    ],
    [
      2,
      796217,
      918946,
    ],
    [
      3,
      941899,
      1025120,
    ],
    [
      4,
      1086097,
      1129221,
    ],
    [
      5,
      1228912,
      1231342,
    ],
    [
      6,
      1370441,
      1331575,
    ],
    [
      7,
      1510785,
      1430011,
    ],
    [
      8,
      1650040,
      1526742,
    ],
    [
      9,
      1788306,
      1621857,
    ],
    [
      10,
      1925680,
      1715445,
    ],
  ],
  "recommendation": "buy",
  "totalBuyerPaid": 2534295,
  "totalRenterPaid": 1576760,
}
`;
