// Vitest Snapshot v1, https://vitest.dev/guide/snapshot.html

exports[`calculate — golden scenarios > advanced couple with a rate change 1`] = `
{
  "breakevenYear": null,
  "difference": 527098,
  "finalAskTax": 578681,
  "finalEquity": 3047113,
  "finalRemainingMortgage": 2211991,
  "finalRenterPortfolio": 3574211,
  "initialBuyerMonthly": 26597,
  "monthlyMortgagePayment": 20879,
  "netWorthByYear": [
    [
      1,
      1259376,
      1492367,
    ],
    [
      2,
      1417616,
      1682052,
    ],
    [
      3,
      1574842,
      1874327,
    ],
    [
      4,
      1745310,
      2049539,
    ],
    [
      5,
      1913813,
      2227694,
    ],
    [
      6,
      2080458,
      2409049,
    ],
    [
      7,
      2245348,
      2593872,
    ],
    [
      8,
      2408588,
      2782437,
    ],
    [
      9,
      2570282,
      2975026,
    ],
    [
      10,
      2730531,
      3171933,
    ],
    [
      11,
      2889441,
      3372004,
    ],
    [
      12,
      3047113,
      3574211,
    ],
  ],
  "recommendation": "rent",
  "totalBuyerPaid": 3859322,
  "totalRenterPaid": 2183753,
}
`;

exports[`calculate — golden scenarios > advanced defaults 1`] = `
{
  "breakevenYear": null,
  "difference": 607919,
  "finalAskTax": 424856,
  "finalEquity": 2657234,
  "finalRemainingMortgage": 2555305,
  "finalRenterPortfolio": 3265152,
  "initialBuyerMonthly": 26597,
  "monthlyMortgagePayment": 20879,
  "netWorthByYear": [
    [
      1,
      1259376,
      1492367,
    ],
    [
      2,
      1417616,
      1682052,
    ],
    [
      3,
      1574842,
      1874327,
    ],
    [
      4,
      1731175,
      2068987,
    ],
    [
      5,
      1886735,
      2264547,
    ],
    [
      6,
      2041644,
      2461268,
    ],
    [
      7,
      2196024,
      2659415,
    ],
    [
      8,
      2350000,
      2859258,
    ],
    [
      9,
      2503695,
      3061076,
    ],
    [
      10,
      2657234,
      3265152,
    ],
  ],
  "recommendation": "rent",
  "totalBuyerPaid": 3344567,
  "totalRenterPaid": 1844042,
}
`;

exports[`calculate — golden scenarios > advanced with interest-only, shared debt and BSU 1`] = `
{
  "breakevenYear": null,
  "difference": 517349,
  "finalAskTax": 846723,
  "finalEquity": 3650770,
  "finalRemainingMortgage": 2048432,
  "finalRenterPortfolio": 4168119,
  "initialBuyerMonthly": 20818,
  "monthlyMortgagePayment": 15583,
  "netWorthByYear": [
    [
      1,
      1218044,
      1426110,
    ],
    [
      2,
      1334270,
      1548532,
    ],
    [
      3,
      1448761,
      1672441,
    ],
    [
      4,
      1635719,
      1872118,
    ],
    [
      5,
      1821572,
      2073824,
    ],
    [
      6,
      2006462,
      2276658,
    ],
    [
      7,
      2190531,
      2480823,
    ],
    [
      8,
      2373920,
      2686077,
    ],
    [
      9,
      2556772,
      2892503,
    ],
    [
      10,
      2739233,
      3100319,
    ],
    [
      11,
      2921446,
      3309746,
    ],
    [
      12,
      3103558,
      3521008,
    ],
    [
      13,
      3285716,
      3734335,
    ],
    [
      14,
      3468070,
      3949959,
    ],
    [
      15,
      3650770,
      4168119,
    ],
  ],
  "recommendation": "rent",
  "totalBuyerPaid": 5076813,
  "totalRenterPaid": 2950590,
}
`;

exports[`calculate — golden scenarios > expensive home triggering wealth tax 1`] = `
{
  "breakevenYear": null,
  "difference": 20335288,
  "finalAskTax": 20484499,
  "finalEquity": 32782303,
  "finalRemainingMortgage": 3214922,
  "finalRenterPortfolio": 53117592,
  "initialBuyerMonthly": 78030,
  "monthlyMortgagePayment": 61409,
  "netWorthByYear": [
    [
      1,
      23423494,
      24827025,
    ],
    [
      2,
      23940411,
      26044292,
    ],
    [
      3,
      24451350,
      27283276,
    ],
    [
      4,
      24956911,
      28545611,
    ],
    [
      5,
      25457699,
      29832986,
    ],
    [
      6,
      25954319,
      31147147,
    ],
    [
      7,
      26447383,
      32489898,
    ],
    [
      8,
      26937506,
      33863109,
    ],
    [
      9,
      27425309,
      35268713,
    ],
    [
      10,
      27911419,
      36708714,
    ],
    [
      11,
      28396468,
      38185189,
    ],
    [
      12,
      28880651,
      39700292,
    ],
    [
      13,
      29364014,
      41250289,
    ],
    [
      14,
      29847231,
      42833430,
    ],
    [
      15,
      30330982,
      44451252,
    ],
    [
      16,
      30815958,
      46105336,
    ],
    [
      17,
      31302860,
      47797312,
    ],
    [
      18,
      31792400,
      49528854,
    ],
    [
      19,
      32285302,
      51301688,
    ],
    [
      20,
      32782303,
      53117592,
    ],
  ],
  "recommendation": "rent",
  "totalBuyerPaid": 24918112,
  "totalRenterPaid": 13634871,
}
`;

exports[`calculate — golden scenarios > quick defaults 1`] = `
{
  "breakevenYear": 6,
  "difference": 172075,
  "finalAskTax": 0,
  "finalEquity": 1903800,
  "finalRemainingMortgage": 2555305,
  "finalRenterPortfolio": 1731725,
  "initialBuyerMonthly": 20480,
  "monthlyMortgagePayment": 20879,
  "netWorthByYear": [
    [
      1,
      646512,
      810604,
    ],
    [
      2,
      791398,
      919295,
    ],
    [
      3,
      934759,
      1026171,
    ],
    [
      4,
      1076692,
      1131332,
    ],
    [
      5,
      1217297,
      1234877,
    ],
    [
      6,
      1356671,
      1336902,
    ],
    [
      7,
      1494911,
      1437504,
    ],
    [
      8,
      1632115,
      1536779,
    ],
    [
      9,
      1768379,
      1634821,
    ],
    [
      10,
      1903800,
      1731725,
    ],
  ],
  "recommendation": "buy",
  "totalBuyerPaid": 2552805,
  "totalRenterPaid": 1576760,
}
`;
